[2026-04-25 18:00:18] Checking padel deals...
Updated with 3 offers
[2026-04-25 18:10:21] Checking NOX, Siux, Babolat deals...
NOX error: <urlopen error [Errno 8] nodename nor servname provided, or not known>
NOX error: <urlopen error [Errno 8] nodename nor servname provided, or not known>
✓ Updated with 6 offers (NOX: 2, Siux: 2, Babolat: 2)
[2026-04-25 18:20:23] Checking NOX, Siux, Babolat deals...
NOX error: <urlopen error [Errno 8] nodename nor servname provided, or not known>
NOX error: <urlopen error [Errno 8] nodename nor servname provided, or not known>
✓ Updated with 6 offers (NOX: 2, Siux: 2, Babolat: 2)
[2026-04-25 18:30:25] Checking NOX, Siux, Babolat deals...
NOX error: <urlopen error [Errno 8] nodename nor servname provided, or not known>
NOX error: <urlopen error [Errno 8] nodename nor servname provided, or not known>
✓ Updated with 6 offers (NOX: 2, Siux: 2, Babolat: 2)
[2026-04-25 18:40:27] Checking NOX, Siux, Babolat deals...
NOX error: <urlopen error [Errno 8] nodename nor servname provided, or not known>
NOX error: <urlopen error [Errno 8] nodename nor servname provided, or not known>
✓ Updated with 6 offers (NOX: 2, Siux: 2, Babolat: 2)
[2026-04-25 18:50:29] Checking NOX, Siux, Babolat deals...
NOX error: <urlopen error [Errno 8] nodename nor servname provided, or not known>
NOX error: <urlopen error [Errno 8] nodename nor servname provided, or not known>
✓ Updated with 6 offers (NOX: 2, Siux: 2, Babolat: 2)
[2026-04-25 19:00:31] Checking NOX, Siux, Babolat deals...
NOX error: <urlopen error [Errno 8] nodename nor servname provided, or not known>
NOX error: <urlopen error [Errno 8] nodename nor servname provided, or not known>
✓ Updated with 6 offers (NOX: 2, Siux: 2, Babolat: 2)
[2026-04-25 19:10:33] Checking NOX, Siux, Babolat deals...
NOX error: <urlopen error [Errno 8] nodename nor servname provided, or not known>
NOX error: <urlopen error [Errno 8] nodename nor servname provided, or not known>
✓ Updated with 6 offers (NOX: 2, Siux: 2, Babolat: 2)
[2026-04-25 19:20:34] Checking NOX, Siux, Babolat deals...
NOX error: <urlopen error [Errno 8] nodename nor servname provided, or not known>
NOX error: <urlopen error [Errno 8] nodename nor servname provided, or not known>
✓ Updated with 6 offers (NOX: 2, Siux: 2, Babolat: 2)
[2026-04-25 19:30:36] Checking NOX, Siux, Babolat deals...
NOX error: <urlopen error [Errno 8] nodename nor servname provided, or not known>
NOX error: <urlopen error [Errno 8] nodename nor servname provided, or not known>
✓ Updated with 6 offers (NOX: 2, Siux: 2, Babolat: 2)
[2026-04-25 19:40:37] Checking NOX, Siux, Babolat deals...
NOX error: <urlopen error [Errno 8] nodename nor servname provided, or not known>
NOX error: <urlopen error [Errno 8] nodename nor servname provided, or not known>
✓ Updated with 6 offers (NOX: 2, Siux: 2, Babolat: 2)
[2026-04-25 19:50:39] Checking NOX, Siux, Babolat deals...
NOX error: <urlopen error [Errno 8] nodename nor servname provided, or not known>
NOX error: <urlopen error [Errno 8] nodename nor servname provided, or not known>
✓ Updated with 6 offers (NOX: 2, Siux: 2, Babolat: 2)
[2026-04-25 20:00:02] Checking NOX, Siux, Babolat deals...
NOX error: <urlopen error [Errno 8] nodename nor servname provided, or not known>
NOX error: <urlopen error [Errno 8] nodename nor servname provided, or not known>
✓ Updated with 6 offers (NOX: 2, Siux: 2, Babolat: 2)
[2026-04-25 20:00:41] Checking NOX, Siux, Babolat deals...
NOX error: <urlopen error [Errno 8] nodename nor servname provided, or not known>
NOX error: <urlopen error [Errno 8] nodename nor servname provided, or not known>
✓ Updated with 6 offers (NOX: 2, Siux: 2, Babolat: 2)
[2026-04-25 20:10:04] Checking NOX, Siux, Babolat deals...
NOX error: <urlopen error [Errno 8] nodename nor servname provided, or not known>
NOX error: <urlopen error [Errno 8] nodename nor servname provided, or not known>
✓ Updated with 6 offers (NOX: 2, Siux: 2, Babolat: 2)
[2026-04-25 20:10:42] Checking NOX, Siux, Babolat deals...
NOX error: <urlopen error [Errno 8] nodename nor servname provided, or not known>
NOX error: <urlopen error [Errno 8] nodename nor servname provided, or not known>
✓ Updated with 6 offers (NOX: 2, Siux: 2, Babolat: 2)
[2026-04-25 20:20:03] Checking NOX, Siux, Babolat deals...
NOX error: <urlopen error [Errno 8] nodename nor servname provided, or not known>
NOX error: <urlopen error [Errno 8] nodename nor servname provided, or not known>
✓ Updated with 6 offers (NOX: 2, Siux: 2, Babolat: 2)
[2026-04-25 20:20:43] Checking NOX, Siux, Babolat deals...
NOX error: <urlopen error [Errno 8] nodename nor servname provided, or not known>
NOX error: <urlopen error [Errno 8] nodename nor servname provided, or not known>
✓ Updated with 6 offers (NOX: 2, Siux: 2, Babolat: 2)
[2026-04-25 20:30:01] Checking NOX, Siux, Babolat deals...
NOX error: <urlopen error [Errno 8] nodename nor servname provided, or not known>
NOX error: <urlopen error [Errno 8] nodename nor servname provided, or not known>
✓ Updated with 6 offers (NOX: 2, Siux: 2, Babolat: 2)
[2026-04-25 20:30:46] Checking NOX, Siux, Babolat deals...
NOX error: <urlopen error [Errno 8] nodename nor servname provided, or not known>
NOX error: <urlopen error [Errno 8] nodename nor servname provided, or not known>
✓ Updated with 6 offers (NOX: 2, Siux: 2, Babolat: 2)
[2026-04-25 20:40:01] Checking NOX, Siux, Babolat deals...
NOX error: <urlopen error [Errno 8] nodename nor servname provided, or not known>
NOX error: <urlopen error [Errno 8] nodename nor servname provided, or not known>
✓ Updated with 6 offers (NOX: 2, Siux: 2, Babolat: 2)
[2026-04-25 20:40:47] Checking NOX, Siux, Babolat deals...
NOX error: <urlopen error [Errno 8] nodename nor servname provided, or not known>
NOX error: <urlopen error [Errno 8] nodename nor servname provided, or not known>
✓ Updated with 6 offers (NOX: 2, Siux: 2, Babolat: 2)
[2026-04-25 20:50:02] Checking NOX, Siux, Babolat deals...
NOX error: <urlopen error [Errno 8] nodename nor servname provided, or not known>
NOX error: <urlopen error [Errno 8] nodename nor servname provided, or not known>
✓ Updated with 6 offers (NOX: 2, Siux: 2, Babolat: 2)
[2026-04-25 20:50:49] Checking NOX, Siux, Babolat deals...
NOX error: <urlopen error [Errno 8] nodename nor servname provided, or not known>
NOX error: <urlopen error [Errno 8] nodename nor servname provided, or not known>
✓ Updated with 6 offers (NOX: 2, Siux: 2, Babolat: 2)
[2026-04-25 21:00:04] Checking NOX, Siux, Babolat deals...
NOX error: <urlopen error [Errno 8] nodename nor servname provided, or not known>
NOX error: <urlopen error [Errno 8] nodename nor servname provided, or not known>
✓ Updated with 6 offers (NOX: 2, Siux: 2, Babolat: 2)
[2026-04-25 21:00:50] Checking NOX, Siux, Babolat deals...
NOX error: <urlopen error [Errno 8] nodename nor servname provided, or not known>
NOX error: <urlopen error [Errno 8] nodename nor servname provided, or not known>
✓ Updated with 6 offers (NOX: 2, Siux: 2, Babolat: 2)
[2026-04-25 21:10:02] Checking NOX, Siux, Babolat deals...
NOX error: <urlopen error [Errno 8] nodename nor servname provided, or not known>
NOX error: <urlopen error [Errno 8] nodename nor servname provided, or not known>
✓ Updated with 6 offers (NOX: 2, Siux: 2, Babolat: 2)
[2026-04-25 21:10:51] Checking NOX, Siux, Babolat deals...
NOX error: <urlopen error [Errno 8] nodename nor servname provided, or not known>
NOX error: <urlopen error [Errno 8] nodename nor servname provided, or not known>
✓ Updated with 6 offers (NOX: 2, Siux: 2, Babolat: 2)
[2026-04-25 21:20:03] Checking NOX, Siux, Babolat deals...
NOX error: <urlopen error [Errno 8] nodename nor servname provided, or not known>
NOX error: <urlopen error [Errno 8] nodename nor servname provided, or not known>
✓ Updated with 6 offers (NOX: 2, Siux: 2, Babolat: 2)
[2026-04-25 21:20:53] Checking NOX, Siux, Babolat deals...
NOX error: <urlopen error [Errno 8] nodename nor servname provided, or not known>
NOX error: <urlopen error [Errno 8] nodename nor servname provided, or not known>
✓ Updated with 6 offers (NOX: 2, Siux: 2, Babolat: 2)
[2026-04-25 21:30:02] Checking NOX, Siux, Babolat deals...
NOX error: <urlopen error [Errno 8] nodename nor servname provided, or not known>
NOX error: <urlopen error [Errno 8] nodename nor servname provided, or not known>
✓ Updated with 6 offers (NOX: 2, Siux: 2, Babolat: 2)
[2026-04-25 21:30:55] Checking NOX, Siux, Babolat deals...
NOX error: <urlopen error [Errno 8] nodename nor servname provided, or not known>
NOX error: <urlopen error [Errno 8] nodename nor servname provided, or not known>
✓ Updated with 6 offers (NOX: 2, Siux: 2, Babolat: 2)
[2026-04-25 21:40:01] Checking NOX, Siux, Babolat deals...
NOX error: <urlopen error [Errno 8] nodename nor servname provided, or not known>
NOX error: <urlopen error [Errno 8] nodename nor servname provided, or not known>
✓ Updated with 6 offers (NOX: 2, Siux: 2, Babolat: 2)
[2026-04-25 21:40:56] Checking NOX, Siux, Babolat deals...
NOX error: <urlopen error [Errno 8] nodename nor servname provided, or not known>
NOX error: <urlopen error [Errno 8] nodename nor servname provided, or not known>
✓ Updated with 6 offers (NOX: 2, Siux: 2, Babolat: 2)
[2026-04-25 21:50:03] Checking NOX, Siux, Babolat deals...
NOX error: <urlopen error [Errno 8] nodename nor servname provided, or not known>
NOX error: <urlopen error [Errno 8] nodename nor servname provided, or not known>
✓ Updated with 6 offers (NOX: 2, Siux: 2, Babolat: 2)
[2026-04-25 21:51:01] Checking NOX, Siux, Babolat deals...
NOX error: <urlopen error [Errno 8] nodename nor servname provided, or not known>
NOX error: <urlopen error [Errno 8] nodename nor servname provided, or not known>
✓ Updated with 6 offers (NOX: 2, Siux: 2, Babolat: 2)
[2026-04-25 22:00:02] Checking NOX, Siux, Babolat deals...
NOX error: <urlopen error [Errno 8] nodename nor servname provided, or not known>
NOX error: <urlopen error [Errno 8] nodename nor servname provided, or not known>
✓ Updated with 6 offers (NOX: 2, Siux: 2, Babolat: 2)
[2026-04-25 22:01:03] Checking NOX, Siux, Babolat deals...
NOX error: <urlopen error [Errno 8] nodename nor servname provided, or not known>
NOX error: <urlopen error [Errno 8] nodename nor servname provided, or not known>
✓ Updated with 6 offers (NOX: 2, Siux: 2, Babolat: 2)
[2026-04-25 22:10:01] Checking NOX, Siux, Babolat deals...
NOX error: <urlopen error [Errno 8] nodename nor servname provided, or not known>
NOX error: <urlopen error [Errno 8] nodename nor servname provided, or not known>
✓ Updated with 6 offers (NOX: 2, Siux: 2, Babolat: 2)
[2026-04-25 22:11:04] Checking NOX, Siux, Babolat deals...
NOX error: <urlopen error [Errno 8] nodename nor servname provided, or not known>
NOX error: <urlopen error [Errno 8] nodename nor servname provided, or not known>
✓ Updated with 6 offers (NOX: 2, Siux: 2, Babolat: 2)
[2026-04-25 22:20:01] Checking NOX, Siux, Babolat deals...
NOX error: <urlopen error [Errno 8] nodename nor servname provided, or not known>
NOX error: <urlopen error [Errno 8] nodename nor servname provided, or not known>
✓ Updated with 6 offers (NOX: 2, Siux: 2, Babolat: 2)
[2026-04-25 22:21:08] Checking NOX, Siux, Babolat deals...
NOX error: <urlopen error [Errno 8] nodename nor servname provided, or not known>
NOX error: <urlopen error [Errno 8] nodename nor servname provided, or not known>
✓ Updated with 6 offers (NOX: 2, Siux: 2, Babolat: 2)
[2026-04-25 22:30:02] Checking NOX, Siux, Babolat deals...
NOX error: <urlopen error [Errno 8] nodename nor servname provided, or not known>
NOX error: <urlopen error [Errno 8] nodename nor servname provided, or not known>
✓ Updated with 6 offers (NOX: 2, Siux: 2, Babolat: 2)
[2026-04-25 22:31:09] Checking NOX, Siux, Babolat deals...
NOX error: <urlopen error [Errno 8] nodename nor servname provided, or not known>
NOX error: <urlopen error [Errno 8] nodename nor servname provided, or not known>
✓ Updated with 6 offers (NOX: 2, Siux: 2, Babolat: 2)
[2026-04-25 22:40:02] Checking NOX, Siux, Babolat deals...
NOX error: <urlopen error [Errno 8] nodename nor servname provided, or not known>
NOX error: <urlopen error [Errno 8] nodename nor servname provided, or not known>
✓ Updated with 6 offers (NOX: 2, Siux: 2, Babolat: 2)
[2026-04-25 22:41:10] Checking NOX, Siux, Babolat deals...
NOX error: <urlopen error [Errno 8] nodename nor servname provided, or not known>
NOX error: <urlopen error [Errno 8] nodename nor servname provided, or not known>
✓ Updated with 6 offers (NOX: 2, Siux: 2, Babolat: 2)
[2026-04-25 22:50:02] Checking NOX, Siux, Babolat deals...
NOX error: <urlopen error [Errno 8] nodename nor servname provided, or not known>
NOX error: <urlopen error [Errno 8] nodename nor servname provided, or not known>
✓ Updated with 6 offers (NOX: 2, Siux: 2, Babolat: 2)
[2026-04-25 22:51:12] Checking NOX, Siux, Babolat deals...
NOX error: <urlopen error [Errno 8] nodename nor servname provided, or not known>
NOX error: <urlopen error [Errno 8] nodename nor servname provided, or not known>
✓ Updated with 6 offers (NOX: 2, Siux: 2, Babolat: 2)
[2026-04-25 23:00:05] Checking NOX, Siux, Babolat deals...
NOX error: <urlopen error [Errno 8] nodename nor servname provided, or not known>
NOX error: <urlopen error [Errno 8] nodename nor servname provided, or not known>
✓ Updated with 6 offers (NOX: 2, Siux: 2, Babolat: 2)
[2026-04-25 23:01:16] Checking NOX, Siux, Babolat deals...
NOX error: <urlopen error [Errno 8] nodename nor servname provided, or not known>
NOX error: <urlopen error [Errno 8] nodename nor servname provided, or not known>
✓ Updated with 6 offers (NOX: 2, Siux: 2, Babolat: 2)
[2026-04-25 23:10:01] Checking NOX, Siux, Babolat deals...
NOX error: <urlopen error [Errno 8] nodename nor servname provided, or not known>
NOX error: <urlopen error [Errno 8] nodename nor servname provided, or not known>
✓ Updated with 6 offers (NOX: 2, Siux: 2, Babolat: 2)
[2026-04-25 23:11:18] Checking NOX, Siux, Babolat deals...
NOX error: <urlopen error [Errno 8] nodename nor servname provided, or not known>
NOX error: <urlopen error [Errno 8] nodename nor servname provided, or not known>
✓ Updated with 6 offers (NOX: 2, Siux: 2, Babolat: 2)
[2026-04-25 23:20:03] Checking NOX, Siux, Babolat deals...
NOX error: <urlopen error [Errno 8] nodename nor servname provided, or not known>
NOX error: <urlopen error [Errno 8] nodename nor servname provided, or not known>
✓ Updated with 6 offers (NOX: 2, Siux: 2, Babolat: 2)
[2026-04-25 23:21:19] Checking NOX, Siux, Babolat deals...
NOX error: <urlopen error [Errno 8] nodename nor servname provided, or not known>
NOX error: <urlopen error [Errno 8] nodename nor servname provided, or not known>
✓ Updated with 6 offers (NOX: 2, Siux: 2, Babolat: 2)
[2026-04-25 23:30:02] Checking NOX, Siux, Babolat deals...
NOX error: <urlopen error [Errno 8] nodename nor servname provided, or not known>
NOX error: <urlopen error [Errno 8] nodename nor servname provided, or not known>
✓ Updated with 6 offers (NOX: 2, Siux: 2, Babolat: 2)
[2026-04-25 23:31:20] Checking NOX, Siux, Babolat deals...
NOX error: <urlopen error [Errno 8] nodename nor servname provided, or not known>
NOX error: <urlopen error [Errno 8] nodename nor servname provided, or not known>
✓ Updated with 6 offers (NOX: 2, Siux: 2, Babolat: 2)
[2026-04-25 23:40:01] Checking NOX, Siux, Babolat deals...
NOX error: <urlopen error [Errno 8] nodename nor servname provided, or not known>
NOX error: <urlopen error [Errno 8] nodename nor servname provided, or not known>
✓ Updated with 6 offers (NOX: 2, Siux: 2, Babolat: 2)
[2026-04-25 23:41:25] Checking NOX, Siux, Babolat deals...
NOX error: <urlopen error [Errno 8] nodename nor servname provided, or not known>
NOX error: <urlopen error [Errno 8] nodename nor servname provided, or not known>
✓ Updated with 6 offers (NOX: 2, Siux: 2, Babolat: 2)
[2026-04-25 23:50:02] Checking NOX, Siux, Babolat deals...
NOX error: <urlopen error [Errno 8] nodename nor servname provided, or not known>
NOX error: <urlopen error [Errno 8] nodename nor servname provided, or not known>
✓ Updated with 6 offers (NOX: 2, Siux: 2, Babolat: 2)
