[2026-04-26 20:49:23] === Website Generator v2.0 Started ===
[2026-04-26 20:49:23] Dry run: False, Verify: False
[2026-04-26 20:49:23] Generating index.html...
[2026-04-26 20:49:23] Generating resultados.html...
[2026-04-26 20:49:23] Generating torneos.html...
[2026-04-26 20:49:23] Generating actualidad.html...
[2026-04-26 20:49:23] Generated: torneos.html
[2026-04-26 20:49:23] Generated: actualidad.html
[2026-04-26 20:49:23] ERRORS FOUND - Not writing files:
[2026-04-26 20:49:23]   - index.html: td tags mismatch (18 open, 24 close)
[2026-04-26 20:49:23]   - resultados.html: td tags mismatch (24 open, 32 close)
[2026-04-26 20:49:36] Generating index.html...
[2026-04-26 20:50:05] === Website Generator v2.0 Started ===
[2026-04-26 20:50:05] Dry run: False, Verify: False
[2026-04-26 20:50:05] Generating index.html...
[2026-04-26 20:50:05] Generating resultados.html...
[2026-04-26 20:50:05] Generating torneos.html...
[2026-04-26 20:50:05] Generating actualidad.html...
[2026-04-26 20:50:05] Generated: index.html
[2026-04-26 20:50:05] Generated: resultados.html
[2026-04-26 20:50:05] Generated: torneos.html
[2026-04-26 20:50:05] Generated: actualidad.html
[2026-04-26 20:50:05] === Generation Complete (2 times) ===
[2026-04-26 20:50:29] === Website Generator v2.0 Started ===
[2026-04-26 20:50:29] Dry run: False, Verify: False
[2026-04-26 20:50:29] Generating index.html...
[2026-04-26 20:50:29] Generating resultados.html...
[2026-04-26 20:50:29] Generating torneos.html...
[2026-04-26 20:50:29] Generating actualidad.html...
[2026-04-26 20:50:29] Generated: index.html
[2026-04-26 20:50:29] Generated: resultados.html
[2026-04-26 20:50:29] Generated: torneos.html
[2026-04-26 20:50:29] Generated: actualidad.html
[2026-04-26 20:50:29] === Generation Complete (3 times) ===
[2026-04-26 20:51:39] === Website Generator v2.0 Started ===
[2026-04-26 20:51:39] Dry run: False, Verify: False
[2026-04-26 20:51:39] Generating index.html...
[2026-04-26 20:51:39] Generating resultados.html...
[2026-04-26 20:51:39] Generating torneos.html...
[2026-04-26 20:51:39] Generating actualidad.html...
[2026-04-26 20:51:39] Generated: index.html
[2026-04-26 20:51:39] Generated: resultados.html
[2026-04-26 20:51:39] Generated: torneos.html
[2026-04-26 20:51:39] Generated: actualidad.html
[2026-04-26 20:51:39] === Generation Complete (4 times) ===
[2026-04-27 13:44:26] === Website Generator v2.0 Started ===
[2026-04-27 13:44:26] Dry run: False, Verify: False
[2026-04-27 13:44:26] Generating index.html...
[2026-04-27 13:44:26] Generating resultados.html...
[2026-04-27 13:44:26] Generating torneos.html...
[2026-04-27 13:44:26] Generating actualidad.html...
[2026-04-27 13:44:26] Generated: index.html
[2026-04-27 13:44:26] Generated: resultados.html
[2026-04-27 13:44:26] Generated: torneos.html
[2026-04-27 13:44:26] Generated: actualidad.html
[2026-04-27 13:44:26] === Generation Complete (1 times) ===
[2026-04-27 13:50:26] === Website Generator v2.0 Started ===
[2026-04-27 13:50:26] Dry run: False, Verify: False
[2026-04-27 13:50:26] Generating index.html...
[2026-04-27 13:50:26] Generating resultados.html...
[2026-04-27 13:50:26] Generating torneos.html...
[2026-04-27 13:50:26] Generating actualidad.html...
[2026-04-27 13:50:26] Generated: index.html
[2026-04-27 13:50:26] Generated: resultados.html
[2026-04-27 13:50:26] Generated: torneos.html
[2026-04-27 13:50:26] Generated: actualidad.html
[2026-04-27 13:50:26] === Generation Complete (2 times) ===
[2026-04-27 13:55:28] === Website Generator v2.0 Started ===
[2026-04-27 13:55:28] Dry run: False, Verify: False
[2026-04-27 13:55:28] Generating index.html...
[2026-04-27 13:55:28] Generating resultados.html...
[2026-04-27 13:55:28] Generating torneos.html...
[2026-04-27 13:55:28] Generating actualidad.html...
[2026-04-27 13:55:28] Generated: index.html
[2026-04-27 13:55:28] Generated: resultados.html
[2026-04-27 13:55:28] Generated: torneos.html
[2026-04-27 13:55:28] Generated: actualidad.html
[2026-04-27 13:55:28] === Generation Complete (3 times) ===
[2026-04-27 14:00:29] === Website Generator v2.0 Started ===
[2026-04-27 14:00:29] Dry run: False, Verify: False
[2026-04-27 14:00:29] Generating index.html...
[2026-04-27 14:00:29] Generating resultados.html...
[2026-04-27 14:00:29] Generating torneos.html...
[2026-04-27 14:00:29] Generating actualidad.html...
[2026-04-27 14:00:29] Generated: index.html
[2026-04-27 14:00:29] Generated: resultados.html
[2026-04-27 14:00:29] Generated: torneos.html
[2026-04-27 14:00:29] Generated: actualidad.html
[2026-04-27 14:00:29] === Generation Complete (4 times) ===
[2026-04-27 14:05:31] === Website Generator v2.0 Started ===
[2026-04-27 14:05:31] Dry run: False, Verify: False
[2026-04-27 14:05:31] Generating index.html...
[2026-04-27 14:05:31] Generating resultados.html...
[2026-04-27 14:05:31] Generating torneos.html...
[2026-04-27 14:05:31] Generating actualidad.html...
[2026-04-27 14:05:31] Generated: index.html
[2026-04-27 14:05:31] Generated: resultados.html
[2026-04-27 14:05:31] Generated: torneos.html
[2026-04-27 14:05:31] Generated: actualidad.html
[2026-04-27 14:05:31] === Generation Complete (5 times) ===
[2026-04-27 14:10:33] === Website Generator v2.0 Started ===
[2026-04-27 14:10:33] Dry run: False, Verify: False
[2026-04-27 14:10:33] Generating index.html...
[2026-04-27 14:10:33] Generating resultados.html...
[2026-04-27 14:10:33] Generating torneos.html...
[2026-04-27 14:10:33] Generating actualidad.html...
[2026-04-27 14:10:33] Generated: index.html
[2026-04-27 14:10:33] Generated: resultados.html
[2026-04-27 14:10:33] Generated: torneos.html
[2026-04-27 14:10:33] Generated: actualidad.html
[2026-04-27 14:10:33] === Generation Complete (6 times) ===
[2026-04-27 14:15:35] === Website Generator v2.0 Started ===
[2026-04-27 14:15:35] Dry run: False, Verify: False
[2026-04-27 14:15:35] Generating index.html...
[2026-04-27 14:15:35] Generating resultados.html...
[2026-04-27 14:15:35] Generating torneos.html...
[2026-04-27 14:15:35] Generating actualidad.html...
[2026-04-27 14:15:35] Generated: index.html
[2026-04-27 14:15:35] Generated: resultados.html
[2026-04-27 14:15:35] Generated: torneos.html
[2026-04-27 14:15:35] Generated: actualidad.html
[2026-04-27 14:15:35] === Generation Complete (7 times) ===
