[2026-05-07 09:04:15] ============================================================
[2026-05-07 09:04:15] LIVESCORE UPDATER STARTED
[2026-05-07 09:04:15] ============================================================
[2026-05-07 09:04:15] Current tournament: Asunción P1
[2026-05-07 09:04:15] Current round: None
[2026-05-07 09:04:15] Simulating match progress...
[2026-05-07 09:04:15]   Match updated: 6-4, 2-0
[2026-05-07 09:04:15]   Match started: Martín Di Nenno vs Pareja M
[2026-05-07 09:04:15] Saved /Users/cristian/Sites/padel_news/data/asuncion_p1_draw.json
[2026-05-07 09:04:15] Regenerating website pages...
[2026-05-07 09:04:15] ✅ Pages regenerated successfully
[2026-05-07 09:04:15] Committing and pushing changes...
[main 3f97a6cb] 🔴 Live score update 09:04
 2 files changed, 266 insertions(+), 42 deletions(-)
[2026-05-07 09:04:17] ✅ Changes pushed to GitHub
[2026-05-07 09:04:17] ============================================================
[2026-05-07 09:04:17] LIVESCORE UPDATER COMPLETED
[2026-05-07 09:04:17] ============================================================
[2026-05-07 09:04:15] ============================================================
[2026-05-07 09:04:15] LIVESCORE UPDATER STARTED
[2026-05-07 09:04:15] ============================================================
[2026-05-07 09:04:15] Current tournament: Asunción P1
[2026-05-07 09:04:15] Current round: None
[2026-05-07 09:04:15] Simulating match progress...
[2026-05-07 09:04:15]   Match updated: 6-4, 2-0
[2026-05-07 09:04:15]   Match started: Martín Di Nenno vs Pareja M
[2026-05-07 09:04:15] Saved /Users/cristian/Sites/padel_news/data/asuncion_p1_draw.json
[2026-05-07 09:04:15] Regenerating website pages...
[2026-05-07 09:04:15] ✅ Pages regenerated successfully
[2026-05-07 09:04:15] Committing and pushing changes...
[2026-05-07 09:04:17] ✅ Changes pushed to GitHub
[2026-05-07 09:04:17] ============================================================
[2026-05-07 09:04:17] LIVESCORE UPDATER COMPLETED
[2026-05-07 09:04:17] ============================================================
[2026-05-07 09:04:17] ============================================================
[2026-05-07 09:04:17] LIVESCORE UPDATER STARTED
[2026-05-07 09:04:17] ============================================================
[2026-05-07 09:04:17] Current tournament: Asunción P1
[2026-05-07 09:04:17] Current round: None
[2026-05-07 09:04:17] Simulating match progress...
[2026-05-07 09:04:17]   Match updated: 6-2, 4-1
[2026-05-07 09:04:17]   Match updated: 6-2, 4-2
[2026-05-07 09:04:17] Saved /Users/cristian/Sites/padel_news/data/asuncion_p1_draw.json
[2026-05-07 09:04:17] Regenerating website pages...
[2026-05-07 09:04:18] ✅ Pages regenerated successfully
[2026-05-07 09:04:18] Committing and pushing changes...
[2026-05-07 09:04:19] ✅ Changes pushed to GitHub
[2026-05-07 09:04:19] ============================================================
[2026-05-07 09:04:19] LIVESCORE UPDATER COMPLETED
[2026-05-07 09:04:19] ============================================================
[2026-05-07 09:14:17] ============================================================
[2026-05-07 09:14:17] LIVESCORE UPDATER STARTED
[2026-05-07 09:14:17] ============================================================
[2026-05-07 09:14:17] Current tournament: Asunción P1
[2026-05-07 09:14:17] Current round: None
[2026-05-07 09:14:17] Simulating match progress...
[2026-05-07 09:14:17]   Match finished: 6-2, 6-4
[2026-05-07 09:14:17]   Match started: Franco Stupaczuk vs Javi Leal
[2026-05-07 09:14:17] Saved /Users/cristian/Sites/padel_news/data/asuncion_p1_draw.json
[2026-05-07 09:14:17] Regenerating website pages...
[2026-05-07 09:14:17] ✅ Pages regenerated successfully
[2026-05-07 09:14:17] Committing and pushing changes...
[main 2724d20b] 🔴 Live score update 09:14
 2 files changed, 14 insertions(+), 14 deletions(-)
[2026-05-07 09:14:19] ✅ Changes pushed to GitHub
[2026-05-07 09:14:19] ============================================================
[2026-05-07 09:14:19] LIVESCORE UPDATER COMPLETED
[2026-05-07 09:14:19] ============================================================
[2026-05-07 09:14:17] ============================================================
[2026-05-07 09:14:17] LIVESCORE UPDATER STARTED
[2026-05-07 09:14:17] ============================================================
[2026-05-07 09:14:17] Current tournament: Asunción P1
[2026-05-07 09:14:17] Current round: None
[2026-05-07 09:14:17] Simulating match progress...
[2026-05-07 09:14:17]   Match finished: 6-2, 6-4
[2026-05-07 09:14:17]   Match started: Franco Stupaczuk vs Javi Leal
[2026-05-07 09:14:17] Saved /Users/cristian/Sites/padel_news/data/asuncion_p1_draw.json
[2026-05-07 09:14:17] Regenerating website pages...
[2026-05-07 09:14:17] ✅ Pages regenerated successfully
[2026-05-07 09:14:17] Committing and pushing changes...
[2026-05-07 09:14:19] ✅ Changes pushed to GitHub
[2026-05-07 09:14:19] ============================================================
[2026-05-07 09:14:19] LIVESCORE UPDATER COMPLETED
[2026-05-07 09:14:19] ============================================================
[2026-05-07 09:24:19] ============================================================
[2026-05-07 09:24:19] LIVESCORE UPDATER STARTED
[2026-05-07 09:24:19] ============================================================
[2026-05-07 09:24:19] Current tournament: Asunción P1
[2026-05-07 09:24:19] Current round: None
[2026-05-07 09:24:19] Simulating match progress...
[2026-05-07 09:24:19]   Match started: Alejandro Galán vs Álex Ruiz
[2026-05-07 09:24:19]   Match finished: 6-3, 6-3
[2026-05-07 09:24:19] Saved /Users/cristian/Sites/padel_news/data/asuncion_p1_draw.json
[2026-05-07 09:24:19] Regenerating website pages...
[2026-05-07 09:24:19] ✅ Pages regenerated successfully
[2026-05-07 09:24:19] Committing and pushing changes...
[main 921a90c6] 🔴 Live score update 09:24
 2 files changed, 14 insertions(+), 14 deletions(-)
[2026-05-07 09:24:21] ✅ Changes pushed to GitHub
[2026-05-07 09:24:21] ============================================================
[2026-05-07 09:24:21] LIVESCORE UPDATER COMPLETED
[2026-05-07 09:24:21] ============================================================
[2026-05-07 09:24:19] ============================================================
[2026-05-07 09:24:19] LIVESCORE UPDATER STARTED
[2026-05-07 09:24:19] ============================================================
[2026-05-07 09:24:19] Current tournament: Asunción P1
[2026-05-07 09:24:19] Current round: None
[2026-05-07 09:24:19] Simulating match progress...
[2026-05-07 09:24:19]   Match started: Alejandro Galán vs Álex Ruiz
[2026-05-07 09:24:19]   Match finished: 6-3, 6-3
[2026-05-07 09:24:19] Saved /Users/cristian/Sites/padel_news/data/asuncion_p1_draw.json
[2026-05-07 09:24:19] Regenerating website pages...
[2026-05-07 09:24:19] ✅ Pages regenerated successfully
[2026-05-07 09:24:19] Committing and pushing changes...
[2026-05-07 09:24:21] ✅ Changes pushed to GitHub
[2026-05-07 09:24:21] ============================================================
[2026-05-07 09:24:21] LIVESCORE UPDATER COMPLETED
[2026-05-07 09:24:21] ============================================================
