[2026-04-27 13:44:26] ============================================================
[2026-04-27 13:44:26] PADEL NEWS ORCHESTRATOR v1.0 STARTED
[2026-04-27 13:44:26] ============================================================
[2026-04-27 13:44:26] Current time: 2026-04-27 13:44:26
[2026-04-27 13:44:26] Tournament status: upcoming
[2026-04-27 13:44:26] 
>>> Running check_tournament_state: Interval-based run (5 min)
[2026-04-27 13:44:26]     Script: dynamic_flow.py
[2026-04-27 13:44:26]     Description: Check tournament state and transition if needed
[2026-04-27 13:44:27]     ✓ SUCCESS
[2026-04-27 13:44:27]     Skipping index_updater: Hour 13 not in [8, 20]
[2026-04-27 13:44:27]     Skipping torneos_updater: Hour 13 not in [9]
[2026-04-27 13:44:27]     Skipping rankings_updater: Hour 13 not in [20]
[2026-04-27 13:44:27] 
>>> Running chollos_fetcher: Interval-based run (10 min)
[2026-04-27 13:44:27]     Script: fetch_chollos.py
[2026-04-27 13:44:27]     Description: Fetch new deals from NOX, Siux, Babolat
[2026-04-27 13:44:27]     ✓ SUCCESS
[2026-04-27 13:44:27] 
>>> Running tournament_watcher: Interval-based run (30 min)
[2026-04-27 13:44:27]     Script: tournament_watcher.py
[2026-04-27 13:44:27]     Description: Watch for new tournaments in Premier Padel
[2026-04-27 13:44:29]     ✓ SUCCESS
[2026-04-27 13:44:29]     Skipping live_score: Tournament is upcoming, not active
[2026-04-27 13:44:29] 
>>> Running actualidad_updater: Interval-based run (360 min)
[2026-04-27 13:44:29]     Script: update_actualidad.py
[2026-04-27 13:44:29]     Description: Update news/actualidad section
[2026-04-27 13:44:29]     ✓ SUCCESS
[2026-04-27 13:44:29]     Skipping resultados_updater: Tournament is upcoming, not finished
[2026-04-27 13:44:29] 
============================================================
[2026-04-27 13:44:29] SUMMARY
[2026-04-27 13:44:29] ============================================================
[2026-04-27 13:44:29] Agents run: 4
[2026-04-27 13:44:29]   - check_tournament_state
[2026-04-27 13:44:29]   - chollos_fetcher
[2026-04-27 13:44:29]   - tournament_watcher
[2026-04-27 13:44:29]   - actualidad_updater
[2026-04-27 13:44:29] ============================================================
[2026-04-27 13:44:29] ORCHESTRATOR COMPLETED
[2026-04-27 13:44:29] ============================================================
[2026-04-27 13:45:26] ============================================================
[2026-04-27 13:45:26] PADEL NEWS ORCHESTRATOR v1.0 STARTED
[2026-04-27 13:45:26] ============================================================
[2026-04-27 13:45:26] Current time: 2026-04-27 13:45:26
[2026-04-27 13:45:26] Tournament status: upcoming
[2026-04-27 13:45:26]     Skipping check_tournament_state: Ran 1 min ago, interval is 5
[2026-04-27 13:45:26]     Skipping index_updater: Hour 13 not in [8, 20]
[2026-04-27 13:45:26]     Skipping torneos_updater: Hour 13 not in [9]
[2026-04-27 13:45:26]     Skipping rankings_updater: Hour 13 not in [20]
[2026-04-27 13:45:26]     Skipping chollos_fetcher: Ran 1 min ago, interval is 10
[2026-04-27 13:45:26]     Skipping tournament_watcher: Ran 1 min ago, interval is 30
[2026-04-27 13:45:26]     Skipping live_score: Tournament is upcoming, not active
[2026-04-27 13:45:26]     Skipping actualidad_updater: Ran 1 min ago, interval is 360
[2026-04-27 13:45:26]     Skipping resultados_updater: Tournament is upcoming, not finished
[2026-04-27 13:45:26] 
============================================================
[2026-04-27 13:45:26] SUMMARY
[2026-04-27 13:45:26] ============================================================
[2026-04-27 13:45:26] Agents run: 0
[2026-04-27 13:45:26]   (none - all agents within their interval)
[2026-04-27 13:45:26] ============================================================
[2026-04-27 13:45:26] ORCHESTRATOR COMPLETED
[2026-04-27 13:45:26] ============================================================
[2026-04-27 13:45:26] ============================================================
[2026-04-27 13:45:26] PADEL NEWS ORCHESTRATOR v1.0 STARTED
[2026-04-27 13:45:26] ============================================================
[2026-04-27 13:45:26] Current time: 2026-04-27 13:45:26
[2026-04-27 13:45:26] Tournament status: upcoming
[2026-04-27 13:45:26]     Skipping check_tournament_state: Ran 1 min ago, interval is 5
[2026-04-27 13:45:26]     Skipping index_updater: Hour 13 not in [8, 20]
[2026-04-27 13:45:26]     Skipping torneos_updater: Hour 13 not in [9]
[2026-04-27 13:45:26]     Skipping rankings_updater: Hour 13 not in [20]
[2026-04-27 13:45:26]     Skipping chollos_fetcher: Ran 1 min ago, interval is 10
[2026-04-27 13:45:26]     Skipping tournament_watcher: Ran 1 min ago, interval is 30
[2026-04-27 13:45:26]     Skipping live_score: Tournament is upcoming, not active
[2026-04-27 13:45:26]     Skipping actualidad_updater: Ran 1 min ago, interval is 360
[2026-04-27 13:45:26]     Skipping resultados_updater: Tournament is upcoming, not finished
[2026-04-27 13:45:26] 
============================================================
[2026-04-27 13:45:26] SUMMARY
[2026-04-27 13:45:26] ============================================================
[2026-04-27 13:45:26] Agents run: 0
[2026-04-27 13:45:26]   (none - all agents within their interval)
[2026-04-27 13:45:26] ============================================================
[2026-04-27 13:45:26] ORCHESTRATOR COMPLETED
[2026-04-27 13:45:26] ============================================================
[2026-04-27 13:50:26] ============================================================
[2026-04-27 13:50:26] PADEL NEWS ORCHESTRATOR v1.0 STARTED
[2026-04-27 13:50:26] ============================================================
[2026-04-27 13:50:26] Current time: 2026-04-27 13:50:26
[2026-04-27 13:50:26] Tournament status: upcoming
[2026-04-27 13:50:26] 
>>> Running check_tournament_state: Interval-based run (5 min)
[2026-04-27 13:50:26]     Script: dynamic_flow.py
[2026-04-27 13:50:26]     Description: Check tournament state and transition if needed
[2026-04-27 13:50:27]     ✓ SUCCESS
[2026-04-27 13:50:27]     Skipping index_updater: Hour 13 not in [8, 20]
[2026-04-27 13:50:27]     Skipping torneos_updater: Hour 13 not in [9]
[2026-04-27 13:50:27]     Skipping rankings_updater: Hour 13 not in [20]
[2026-04-27 13:50:27]     Skipping chollos_fetcher: Ran 6 min ago, interval is 10
[2026-04-27 13:50:27]     Skipping tournament_watcher: Ran 6 min ago, interval is 30
[2026-04-27 13:50:27]     Skipping live_score: Tournament is upcoming, not active
[2026-04-27 13:50:27]     Skipping actualidad_updater: Ran 6 min ago, interval is 360
[2026-04-27 13:50:27]     Skipping resultados_updater: Tournament is upcoming, not finished
[2026-04-27 13:50:27] 
============================================================
[2026-04-27 13:50:27] SUMMARY
[2026-04-27 13:50:27] ============================================================
[2026-04-27 13:50:27] Agents run: 1
[2026-04-27 13:50:27]   - check_tournament_state
[2026-04-27 13:50:27] ============================================================
[2026-04-27 13:50:27] ORCHESTRATOR COMPLETED
[2026-04-27 13:50:27] ============================================================
[2026-04-27 13:50:26] ============================================================
[2026-04-27 13:50:26] PADEL NEWS ORCHESTRATOR v1.0 STARTED
[2026-04-27 13:50:26] ============================================================
[2026-04-27 13:50:26] Current time: 2026-04-27 13:50:26
[2026-04-27 13:50:26] Tournament status: upcoming
[2026-04-27 13:50:26] 
>>> Running check_tournament_state: Interval-based run (5 min)
[2026-04-27 13:50:26]     Script: dynamic_flow.py
[2026-04-27 13:50:26]     Description: Check tournament state and transition if needed
[2026-04-27 13:50:27]     ✓ SUCCESS
[2026-04-27 13:50:27]     Skipping index_updater: Hour 13 not in [8, 20]
[2026-04-27 13:50:27]     Skipping torneos_updater: Hour 13 not in [9]
[2026-04-27 13:50:27]     Skipping rankings_updater: Hour 13 not in [20]
[2026-04-27 13:50:27]     Skipping chollos_fetcher: Ran 6 min ago, interval is 10
[2026-04-27 13:50:27]     Skipping tournament_watcher: Ran 6 min ago, interval is 30
[2026-04-27 13:50:27]     Skipping live_score: Tournament is upcoming, not active
[2026-04-27 13:50:27]     Skipping actualidad_updater: Ran 6 min ago, interval is 360
[2026-04-27 13:50:27]     Skipping resultados_updater: Tournament is upcoming, not finished
[2026-04-27 13:50:27] 
============================================================
[2026-04-27 13:50:27] SUMMARY
[2026-04-27 13:50:27] ============================================================
[2026-04-27 13:50:27] Agents run: 1
[2026-04-27 13:50:27]   - check_tournament_state
[2026-04-27 13:50:27] ============================================================
[2026-04-27 13:50:27] ORCHESTRATOR COMPLETED
[2026-04-27 13:50:27] ============================================================
[2026-04-27 13:55:27] ============================================================
[2026-04-27 13:55:27] PADEL NEWS ORCHESTRATOR v1.0 STARTED
[2026-04-27 13:55:27] ============================================================
[2026-04-27 13:55:27] Current time: 2026-04-27 13:55:27
[2026-04-27 13:55:27] Tournament status: upcoming
[2026-04-27 13:55:27] 
>>> Running check_tournament_state: Interval-based run (5 min)
[2026-04-27 13:55:27]     Script: dynamic_flow.py
[2026-04-27 13:55:27]     Description: Check tournament state and transition if needed
[2026-04-27 13:55:29]     ✓ SUCCESS
[2026-04-27 13:55:29]     Skipping index_updater: Hour 13 not in [8, 20]
[2026-04-27 13:55:29]     Skipping torneos_updater: Hour 13 not in [9]
[2026-04-27 13:55:29]     Skipping rankings_updater: Hour 13 not in [20]
[2026-04-27 13:55:29] 
>>> Running chollos_fetcher: Interval-based run (10 min)
[2026-04-27 13:55:29]     Script: fetch_chollos.py
[2026-04-27 13:55:29]     Description: Fetch new deals from NOX, Siux, Babolat
[2026-04-27 13:55:29]     ✓ SUCCESS
[2026-04-27 13:55:29]     Skipping tournament_watcher: Ran 11 min ago, interval is 30
[2026-04-27 13:55:29]     Skipping live_score: Tournament is upcoming, not active
[2026-04-27 13:55:29]     Skipping actualidad_updater: Ran 11 min ago, interval is 360
[2026-04-27 13:55:29]     Skipping resultados_updater: Tournament is upcoming, not finished
[2026-04-27 13:55:29] 
============================================================
[2026-04-27 13:55:29] SUMMARY
[2026-04-27 13:55:29] ============================================================
[2026-04-27 13:55:29] Agents run: 2
[2026-04-27 13:55:29]   - check_tournament_state
[2026-04-27 13:55:29]   - chollos_fetcher
[2026-04-27 13:55:29] ============================================================
[2026-04-27 13:55:29] ORCHESTRATOR COMPLETED
[2026-04-27 13:55:29] ============================================================
[2026-04-27 13:55:27] ============================================================
[2026-04-27 13:55:27] PADEL NEWS ORCHESTRATOR v1.0 STARTED
[2026-04-27 13:55:27] ============================================================
[2026-04-27 13:55:27] Current time: 2026-04-27 13:55:27
[2026-04-27 13:55:27] Tournament status: upcoming
[2026-04-27 13:55:27] 
>>> Running check_tournament_state: Interval-based run (5 min)
[2026-04-27 13:55:27]     Script: dynamic_flow.py
[2026-04-27 13:55:27]     Description: Check tournament state and transition if needed
[2026-04-27 13:55:29]     ✓ SUCCESS
[2026-04-27 13:55:29]     Skipping index_updater: Hour 13 not in [8, 20]
[2026-04-27 13:55:29]     Skipping torneos_updater: Hour 13 not in [9]
[2026-04-27 13:55:29]     Skipping rankings_updater: Hour 13 not in [20]
[2026-04-27 13:55:29] 
>>> Running chollos_fetcher: Interval-based run (10 min)
[2026-04-27 13:55:29]     Script: fetch_chollos.py
[2026-04-27 13:55:29]     Description: Fetch new deals from NOX, Siux, Babolat
[2026-04-27 13:55:29]     ✓ SUCCESS
[2026-04-27 13:55:29]     Skipping tournament_watcher: Ran 11 min ago, interval is 30
[2026-04-27 13:55:29]     Skipping live_score: Tournament is upcoming, not active
[2026-04-27 13:55:29]     Skipping actualidad_updater: Ran 11 min ago, interval is 360
[2026-04-27 13:55:29]     Skipping resultados_updater: Tournament is upcoming, not finished
[2026-04-27 13:55:29] 
============================================================
[2026-04-27 13:55:29] SUMMARY
[2026-04-27 13:55:29] ============================================================
[2026-04-27 13:55:29] Agents run: 2
[2026-04-27 13:55:29]   - check_tournament_state
[2026-04-27 13:55:29]   - chollos_fetcher
[2026-04-27 13:55:29] ============================================================
[2026-04-27 13:55:29] ORCHESTRATOR COMPLETED
[2026-04-27 13:55:29] ============================================================
[2026-04-27 14:00:29] ============================================================
[2026-04-27 14:00:29] PADEL NEWS ORCHESTRATOR v1.0 STARTED
[2026-04-27 14:00:29] ============================================================
[2026-04-27 14:00:29] Current time: 2026-04-27 14:00:29
[2026-04-27 14:00:29] Tournament status: upcoming
[2026-04-27 14:00:29] 
>>> Running check_tournament_state: Interval-based run (5 min)
[2026-04-27 14:00:29]     Script: dynamic_flow.py
[2026-04-27 14:00:29]     Description: Check tournament state and transition if needed
[2026-04-27 14:00:31]     ✓ SUCCESS
[2026-04-27 14:00:31]     Skipping index_updater: Hour 14 not in [8, 20]
[2026-04-27 14:00:31]     Skipping torneos_updater: Hour 14 not in [9]
[2026-04-27 14:00:31]     Skipping rankings_updater: Hour 14 not in [20]
[2026-04-27 14:00:31]     Skipping chollos_fetcher: Ran 5 min ago, interval is 10
[2026-04-27 14:00:31]     Skipping tournament_watcher: Ran 16 min ago, interval is 30
[2026-04-27 14:00:31]     Skipping live_score: Tournament is upcoming, not active
[2026-04-27 14:00:31]     Skipping actualidad_updater: Ran 16 min ago, interval is 360
[2026-04-27 14:00:31]     Skipping resultados_updater: Tournament is upcoming, not finished
[2026-04-27 14:00:31] 
============================================================
[2026-04-27 14:00:31] SUMMARY
[2026-04-27 14:00:31] ============================================================
[2026-04-27 14:00:31] Agents run: 1
[2026-04-27 14:00:31]   - check_tournament_state
[2026-04-27 14:00:31] ============================================================
[2026-04-27 14:00:31] ORCHESTRATOR COMPLETED
[2026-04-27 14:00:31] ============================================================
[2026-04-27 14:00:29] ============================================================
[2026-04-27 14:00:29] PADEL NEWS ORCHESTRATOR v1.0 STARTED
[2026-04-27 14:00:29] ============================================================
[2026-04-27 14:00:29] Current time: 2026-04-27 14:00:29
[2026-04-27 14:00:29] Tournament status: upcoming
[2026-04-27 14:00:29] 
>>> Running check_tournament_state: Interval-based run (5 min)
[2026-04-27 14:00:29]     Script: dynamic_flow.py
[2026-04-27 14:00:29]     Description: Check tournament state and transition if needed
[2026-04-27 14:00:31]     ✓ SUCCESS
[2026-04-27 14:00:31]     Skipping index_updater: Hour 14 not in [8, 20]
[2026-04-27 14:00:31]     Skipping torneos_updater: Hour 14 not in [9]
[2026-04-27 14:00:31]     Skipping rankings_updater: Hour 14 not in [20]
[2026-04-27 14:00:31]     Skipping chollos_fetcher: Ran 5 min ago, interval is 10
[2026-04-27 14:00:31]     Skipping tournament_watcher: Ran 16 min ago, interval is 30
[2026-04-27 14:00:31]     Skipping live_score: Tournament is upcoming, not active
[2026-04-27 14:00:31]     Skipping actualidad_updater: Ran 16 min ago, interval is 360
[2026-04-27 14:00:31]     Skipping resultados_updater: Tournament is upcoming, not finished
[2026-04-27 14:00:31] 
============================================================
[2026-04-27 14:00:31] SUMMARY
[2026-04-27 14:00:31] ============================================================
[2026-04-27 14:00:31] Agents run: 1
[2026-04-27 14:00:31]   - check_tournament_state
[2026-04-27 14:00:31] ============================================================
[2026-04-27 14:00:31] ORCHESTRATOR COMPLETED
[2026-04-27 14:00:31] ============================================================
[2026-04-27 14:05:31] ============================================================
[2026-04-27 14:05:31] PADEL NEWS ORCHESTRATOR v1.0 STARTED
[2026-04-27 14:05:31] ============================================================
[2026-04-27 14:05:31] Current time: 2026-04-27 14:05:31
[2026-04-27 14:05:31] Tournament status: upcoming
[2026-04-27 14:05:31] 
>>> Running check_tournament_state: Interval-based run (5 min)
[2026-04-27 14:05:31]     Script: dynamic_flow.py
[2026-04-27 14:05:31]     Description: Check tournament state and transition if needed
[2026-04-27 14:05:33]     ✓ SUCCESS
[2026-04-27 14:05:33]     Skipping index_updater: Hour 14 not in [8, 20]
[2026-04-27 14:05:33]     Skipping torneos_updater: Hour 14 not in [9]
[2026-04-27 14:05:33]     Skipping rankings_updater: Hour 14 not in [20]
[2026-04-27 14:05:33] 
>>> Running chollos_fetcher: Interval-based run (10 min)
[2026-04-27 14:05:33]     Script: fetch_chollos.py
[2026-04-27 14:05:33]     Description: Fetch new deals from NOX, Siux, Babolat
[2026-04-27 14:05:33]     ✓ SUCCESS
[2026-04-27 14:05:33]     Skipping tournament_watcher: Ran 21 min ago, interval is 30
[2026-04-27 14:05:33]     Skipping live_score: Tournament is upcoming, not active
[2026-04-27 14:05:33]     Skipping actualidad_updater: Ran 21 min ago, interval is 360
[2026-04-27 14:05:33]     Skipping resultados_updater: Tournament is upcoming, not finished
[2026-04-27 14:05:33] 
============================================================
[2026-04-27 14:05:33] SUMMARY
[2026-04-27 14:05:33] ============================================================
[2026-04-27 14:05:33] Agents run: 2
[2026-04-27 14:05:33]   - check_tournament_state
[2026-04-27 14:05:33]   - chollos_fetcher
[2026-04-27 14:05:33] ============================================================
[2026-04-27 14:05:33] ORCHESTRATOR COMPLETED
[2026-04-27 14:05:33] ============================================================
[2026-04-27 14:05:31] ============================================================
[2026-04-27 14:05:31] PADEL NEWS ORCHESTRATOR v1.0 STARTED
[2026-04-27 14:05:31] ============================================================
[2026-04-27 14:05:31] Current time: 2026-04-27 14:05:31
[2026-04-27 14:05:31] Tournament status: upcoming
[2026-04-27 14:05:31] 
>>> Running check_tournament_state: Interval-based run (5 min)
[2026-04-27 14:05:31]     Script: dynamic_flow.py
[2026-04-27 14:05:31]     Description: Check tournament state and transition if needed
[2026-04-27 14:05:33]     ✓ SUCCESS
[2026-04-27 14:05:33]     Skipping index_updater: Hour 14 not in [8, 20]
[2026-04-27 14:05:33]     Skipping torneos_updater: Hour 14 not in [9]
[2026-04-27 14:05:33]     Skipping rankings_updater: Hour 14 not in [20]
[2026-04-27 14:05:33] 
>>> Running chollos_fetcher: Interval-based run (10 min)
[2026-04-27 14:05:33]     Script: fetch_chollos.py
[2026-04-27 14:05:33]     Description: Fetch new deals from NOX, Siux, Babolat
[2026-04-27 14:05:33]     ✓ SUCCESS
[2026-04-27 14:05:33]     Skipping tournament_watcher: Ran 21 min ago, interval is 30
[2026-04-27 14:05:33]     Skipping live_score: Tournament is upcoming, not active
[2026-04-27 14:05:33]     Skipping actualidad_updater: Ran 21 min ago, interval is 360
[2026-04-27 14:05:33]     Skipping resultados_updater: Tournament is upcoming, not finished
[2026-04-27 14:05:33] 
============================================================
[2026-04-27 14:05:33] SUMMARY
[2026-04-27 14:05:33] ============================================================
[2026-04-27 14:05:33] Agents run: 2
[2026-04-27 14:05:33]   - check_tournament_state
[2026-04-27 14:05:33]   - chollos_fetcher
[2026-04-27 14:05:33] ============================================================
[2026-04-27 14:05:33] ORCHESTRATOR COMPLETED
[2026-04-27 14:05:33] ============================================================
[2026-04-27 14:10:33] ============================================================
[2026-04-27 14:10:33] PADEL NEWS ORCHESTRATOR v1.0 STARTED
[2026-04-27 14:10:33] ============================================================
[2026-04-27 14:10:33] Current time: 2026-04-27 14:10:33
[2026-04-27 14:10:33] Tournament status: upcoming
[2026-04-27 14:10:33] 
>>> Running check_tournament_state: Interval-based run (5 min)
[2026-04-27 14:10:33]     Script: dynamic_flow.py
[2026-04-27 14:10:33]     Description: Check tournament state and transition if needed
[2026-04-27 14:10:35]     ✓ SUCCESS
[2026-04-27 14:10:35]     Skipping index_updater: Hour 14 not in [8, 20]
[2026-04-27 14:10:35]     Skipping torneos_updater: Hour 14 not in [9]
[2026-04-27 14:10:35]     Skipping rankings_updater: Hour 14 not in [20]
[2026-04-27 14:10:35]     Skipping chollos_fetcher: Ran 5 min ago, interval is 10
[2026-04-27 14:10:35]     Skipping tournament_watcher: Ran 26 min ago, interval is 30
[2026-04-27 14:10:35]     Skipping live_score: Tournament is upcoming, not active
[2026-04-27 14:10:35]     Skipping actualidad_updater: Ran 26 min ago, interval is 360
[2026-04-27 14:10:35]     Skipping resultados_updater: Tournament is upcoming, not finished
[2026-04-27 14:10:35] 
============================================================
[2026-04-27 14:10:35] SUMMARY
[2026-04-27 14:10:35] ============================================================
[2026-04-27 14:10:35] Agents run: 1
[2026-04-27 14:10:35]   - check_tournament_state
[2026-04-27 14:10:35] ============================================================
[2026-04-27 14:10:35] ORCHESTRATOR COMPLETED
[2026-04-27 14:10:35] ============================================================
[2026-04-27 14:10:33] ============================================================
[2026-04-27 14:10:33] PADEL NEWS ORCHESTRATOR v1.0 STARTED
[2026-04-27 14:10:33] ============================================================
[2026-04-27 14:10:33] Current time: 2026-04-27 14:10:33
[2026-04-27 14:10:33] Tournament status: upcoming
[2026-04-27 14:10:33] 
>>> Running check_tournament_state: Interval-based run (5 min)
[2026-04-27 14:10:33]     Script: dynamic_flow.py
[2026-04-27 14:10:33]     Description: Check tournament state and transition if needed
[2026-04-27 14:10:35]     ✓ SUCCESS
[2026-04-27 14:10:35]     Skipping index_updater: Hour 14 not in [8, 20]
[2026-04-27 14:10:35]     Skipping torneos_updater: Hour 14 not in [9]
[2026-04-27 14:10:35]     Skipping rankings_updater: Hour 14 not in [20]
[2026-04-27 14:10:35]     Skipping chollos_fetcher: Ran 5 min ago, interval is 10
[2026-04-27 14:10:35]     Skipping tournament_watcher: Ran 26 min ago, interval is 30
[2026-04-27 14:10:35]     Skipping live_score: Tournament is upcoming, not active
[2026-04-27 14:10:35]     Skipping actualidad_updater: Ran 26 min ago, interval is 360
[2026-04-27 14:10:35]     Skipping resultados_updater: Tournament is upcoming, not finished
[2026-04-27 14:10:35] 
============================================================
[2026-04-27 14:10:35] SUMMARY
[2026-04-27 14:10:35] ============================================================
[2026-04-27 14:10:35] Agents run: 1
[2026-04-27 14:10:35]   - check_tournament_state
[2026-04-27 14:10:35] ============================================================
[2026-04-27 14:10:35] ORCHESTRATOR COMPLETED
[2026-04-27 14:10:35] ============================================================
[2026-04-27 14:15:35] ============================================================
[2026-04-27 14:15:35] PADEL NEWS ORCHESTRATOR v1.0 STARTED
[2026-04-27 14:15:35] ============================================================
[2026-04-27 14:15:35] Current time: 2026-04-27 14:15:35
[2026-04-27 14:15:35] Tournament status: upcoming
[2026-04-27 14:15:35] 
>>> Running check_tournament_state: Interval-based run (5 min)
[2026-04-27 14:15:35]     Script: dynamic_flow.py
[2026-04-27 14:15:35]     Description: Check tournament state and transition if needed
[2026-04-27 14:15:36]     ✓ SUCCESS
[2026-04-27 14:15:36]     Skipping index_updater: Hour 14 not in [8, 20]
[2026-04-27 14:15:36]     Skipping torneos_updater: Hour 14 not in [9]
[2026-04-27 14:15:36]     Skipping rankings_updater: Hour 14 not in [20]
[2026-04-27 14:15:36] 
>>> Running chollos_fetcher: Interval-based run (10 min)
[2026-04-27 14:15:36]     Script: fetch_chollos.py
[2026-04-27 14:15:36]     Description: Fetch new deals from NOX, Siux, Babolat
[2026-04-27 14:15:36]     ✓ SUCCESS
[2026-04-27 14:15:36] 
>>> Running tournament_watcher: Interval-based run (30 min)
[2026-04-27 14:15:36]     Script: tournament_watcher.py
[2026-04-27 14:15:36]     Description: Watch for new tournaments in Premier Padel
[2026-04-27 14:15:37]     ✓ SUCCESS
[2026-04-27 14:15:37]     Skipping live_score: Tournament is upcoming, not active
[2026-04-27 14:15:37]     Skipping actualidad_updater: Ran 31 min ago, interval is 360
[2026-04-27 14:15:37]     Skipping resultados_updater: Tournament is upcoming, not finished
[2026-04-27 14:15:37] 
============================================================
[2026-04-27 14:15:37] SUMMARY
[2026-04-27 14:15:37] ============================================================
[2026-04-27 14:15:37] Agents run: 3
[2026-04-27 14:15:37]   - check_tournament_state
[2026-04-27 14:15:37]   - chollos_fetcher
[2026-04-27 14:15:37]   - tournament_watcher
[2026-04-27 14:15:37] ============================================================
[2026-04-27 14:15:37] ORCHESTRATOR COMPLETED
[2026-04-27 14:15:37] ============================================================
[2026-04-27 14:15:35] ============================================================
[2026-04-27 14:15:35] PADEL NEWS ORCHESTRATOR v1.0 STARTED
[2026-04-27 14:15:35] ============================================================
[2026-04-27 14:15:35] Current time: 2026-04-27 14:15:35
[2026-04-27 14:15:35] Tournament status: upcoming
[2026-04-27 14:15:35] 
>>> Running check_tournament_state: Interval-based run (5 min)
[2026-04-27 14:15:35]     Script: dynamic_flow.py
[2026-04-27 14:15:35]     Description: Check tournament state and transition if needed
[2026-04-27 14:15:36]     ✓ SUCCESS
[2026-04-27 14:15:36]     Skipping index_updater: Hour 14 not in [8, 20]
[2026-04-27 14:15:36]     Skipping torneos_updater: Hour 14 not in [9]
[2026-04-27 14:15:36]     Skipping rankings_updater: Hour 14 not in [20]
[2026-04-27 14:15:36] 
>>> Running chollos_fetcher: Interval-based run (10 min)
[2026-04-27 14:15:36]     Script: fetch_chollos.py
[2026-04-27 14:15:36]     Description: Fetch new deals from NOX, Siux, Babolat
[2026-04-27 14:15:36]     ✓ SUCCESS
[2026-04-27 14:15:36] 
>>> Running tournament_watcher: Interval-based run (30 min)
[2026-04-27 14:15:36]     Script: tournament_watcher.py
[2026-04-27 14:15:36]     Description: Watch for new tournaments in Premier Padel
[2026-04-27 14:15:37]     ✓ SUCCESS
[2026-04-27 14:15:37]     Skipping live_score: Tournament is upcoming, not active
[2026-04-27 14:15:37]     Skipping actualidad_updater: Ran 31 min ago, interval is 360
[2026-04-27 14:15:37]     Skipping resultados_updater: Tournament is upcoming, not finished
[2026-04-27 14:15:37] 
============================================================
[2026-04-27 14:15:37] SUMMARY
[2026-04-27 14:15:37] ============================================================
[2026-04-27 14:15:37] Agents run: 3
[2026-04-27 14:15:37]   - check_tournament_state
[2026-04-27 14:15:37]   - chollos_fetcher
[2026-04-27 14:15:37]   - tournament_watcher
[2026-04-27 14:15:37] ============================================================
[2026-04-27 14:15:37] ORCHESTRATOR COMPLETED
[2026-04-27 14:15:37] ============================================================
[2026-04-27 14:20:37] ============================================================
[2026-04-27 14:20:37] PADEL NEWS ORCHESTRATOR v1.0 STARTED
[2026-04-27 14:20:37] ============================================================
[2026-04-27 14:20:37] Current time: 2026-04-27 14:20:37
[2026-04-27 14:20:37] Tournament status: upcoming
[2026-04-27 14:20:37] 
>>> Running check_tournament_state: Interval-based run (5 min)
[2026-04-27 14:20:37]     Script: dynamic_flow.py
[2026-04-27 14:20:37]     Description: Check tournament state and transition if needed
[2026-04-27 14:20:39]     ✓ SUCCESS
[2026-04-27 14:20:39]     Skipping index_updater: Hour 14 not in [8, 20]
[2026-04-27 14:20:39]     Skipping torneos_updater: Hour 14 not in [9]
[2026-04-27 14:20:39]     Skipping rankings_updater: Hour 14 not in [20]
[2026-04-27 14:20:39]     Skipping chollos_fetcher: Ran 5 min ago, interval is 10
[2026-04-27 14:20:39]     Skipping tournament_watcher: Ran 5 min ago, interval is 30
[2026-04-27 14:20:39]     Skipping live_score: Tournament is upcoming, not active
[2026-04-27 14:20:39]     Skipping actualidad_updater: Ran 36 min ago, interval is 360
[2026-04-27 14:20:39]     Skipping resultados_updater: Tournament is upcoming, not finished
[2026-04-27 14:20:39] 
============================================================
[2026-04-27 14:20:39] SUMMARY
[2026-04-27 14:20:39] ============================================================
[2026-04-27 14:20:39] Agents run: 1
[2026-04-27 14:20:39]   - check_tournament_state
[2026-04-27 14:20:39] ============================================================
[2026-04-27 14:20:39] ORCHESTRATOR COMPLETED
[2026-04-27 14:20:39] ============================================================
[2026-04-27 14:20:37] ============================================================
[2026-04-27 14:20:37] PADEL NEWS ORCHESTRATOR v1.0 STARTED
[2026-04-27 14:20:37] ============================================================
[2026-04-27 14:20:37] Current time: 2026-04-27 14:20:37
[2026-04-27 14:20:37] Tournament status: upcoming
[2026-04-27 14:20:37] 
>>> Running check_tournament_state: Interval-based run (5 min)
[2026-04-27 14:20:37]     Script: dynamic_flow.py
[2026-04-27 14:20:37]     Description: Check tournament state and transition if needed
[2026-04-27 14:20:39]     ✓ SUCCESS
[2026-04-27 14:20:39]     Skipping index_updater: Hour 14 not in [8, 20]
[2026-04-27 14:20:39]     Skipping torneos_updater: Hour 14 not in [9]
[2026-04-27 14:20:39]     Skipping rankings_updater: Hour 14 not in [20]
[2026-04-27 14:20:39]     Skipping chollos_fetcher: Ran 5 min ago, interval is 10
[2026-04-27 14:20:39]     Skipping tournament_watcher: Ran 5 min ago, interval is 30
[2026-04-27 14:20:39]     Skipping live_score: Tournament is upcoming, not active
[2026-04-27 14:20:39]     Skipping actualidad_updater: Ran 36 min ago, interval is 360
[2026-04-27 14:20:39]     Skipping resultados_updater: Tournament is upcoming, not finished
[2026-04-27 14:20:39] 
============================================================
[2026-04-27 14:20:39] SUMMARY
[2026-04-27 14:20:39] ============================================================
[2026-04-27 14:20:39] Agents run: 1
[2026-04-27 14:20:39]   - check_tournament_state
[2026-04-27 14:20:39] ============================================================
[2026-04-27 14:20:39] ORCHESTRATOR COMPLETED
[2026-04-27 14:20:39] ============================================================
[2026-04-27 14:25:39] ============================================================
[2026-04-27 14:25:39] PADEL NEWS ORCHESTRATOR v1.0 STARTED
[2026-04-27 14:25:39] ============================================================
[2026-04-27 14:25:39] Current time: 2026-04-27 14:25:39
[2026-04-27 14:25:39] Tournament status: upcoming
[2026-04-27 14:25:39] 
>>> Running check_tournament_state: Interval-based run (5 min)
[2026-04-27 14:25:39]     Script: dynamic_flow.py
[2026-04-27 14:25:39]     Description: Check tournament state and transition if needed
[2026-04-27 14:25:41]     ✓ SUCCESS
[2026-04-27 14:25:41]     Skipping index_updater: Hour 14 not in [8, 20]
[2026-04-27 14:25:41]     Skipping torneos_updater: Hour 14 not in [9]
[2026-04-27 14:25:41]     Skipping rankings_updater: Hour 14 not in [20]
[2026-04-27 14:25:41] 
>>> Running chollos_fetcher: Interval-based run (10 min)
[2026-04-27 14:25:41]     Script: fetch_chollos.py
[2026-04-27 14:25:41]     Description: Fetch new deals from NOX, Siux, Babolat
[2026-04-27 14:25:41]     ✓ SUCCESS
[2026-04-27 14:25:41]     Skipping tournament_watcher: Ran 10 min ago, interval is 30
[2026-04-27 14:25:41]     Skipping live_score: Tournament is upcoming, not active
[2026-04-27 14:25:41]     Skipping actualidad_updater: Ran 41 min ago, interval is 360
[2026-04-27 14:25:41]     Skipping resultados_updater: Tournament is upcoming, not finished
[2026-04-27 14:25:41] 
============================================================
[2026-04-27 14:25:41] SUMMARY
[2026-04-27 14:25:41] ============================================================
[2026-04-27 14:25:41] Agents run: 2
[2026-04-27 14:25:41]   - check_tournament_state
[2026-04-27 14:25:41]   - chollos_fetcher
[2026-04-27 14:25:41] ============================================================
[2026-04-27 14:25:41] ORCHESTRATOR COMPLETED
[2026-04-27 14:25:41] ============================================================
[2026-04-27 14:25:39] ============================================================
[2026-04-27 14:25:39] PADEL NEWS ORCHESTRATOR v1.0 STARTED
[2026-04-27 14:25:39] ============================================================
[2026-04-27 14:25:39] Current time: 2026-04-27 14:25:39
[2026-04-27 14:25:39] Tournament status: upcoming
[2026-04-27 14:25:39] 
>>> Running check_tournament_state: Interval-based run (5 min)
[2026-04-27 14:25:39]     Script: dynamic_flow.py
[2026-04-27 14:25:39]     Description: Check tournament state and transition if needed
[2026-04-27 14:25:41]     ✓ SUCCESS
[2026-04-27 14:25:41]     Skipping index_updater: Hour 14 not in [8, 20]
[2026-04-27 14:25:41]     Skipping torneos_updater: Hour 14 not in [9]
[2026-04-27 14:25:41]     Skipping rankings_updater: Hour 14 not in [20]
[2026-04-27 14:25:41] 
>>> Running chollos_fetcher: Interval-based run (10 min)
[2026-04-27 14:25:41]     Script: fetch_chollos.py
[2026-04-27 14:25:41]     Description: Fetch new deals from NOX, Siux, Babolat
[2026-04-27 14:25:41]     ✓ SUCCESS
[2026-04-27 14:25:41]     Skipping tournament_watcher: Ran 10 min ago, interval is 30
[2026-04-27 14:25:41]     Skipping live_score: Tournament is upcoming, not active
[2026-04-27 14:25:41]     Skipping actualidad_updater: Ran 41 min ago, interval is 360
[2026-04-27 14:25:41]     Skipping resultados_updater: Tournament is upcoming, not finished
[2026-04-27 14:25:41] 
============================================================
[2026-04-27 14:25:41] SUMMARY
[2026-04-27 14:25:41] ============================================================
[2026-04-27 14:25:41] Agents run: 2
[2026-04-27 14:25:41]   - check_tournament_state
[2026-04-27 14:25:41]   - chollos_fetcher
[2026-04-27 14:25:41] ============================================================
[2026-04-27 14:25:41] ORCHESTRATOR COMPLETED
[2026-04-27 14:25:41] ============================================================
[2026-04-27 14:30:41] ============================================================
[2026-04-27 14:30:41] PADEL NEWS ORCHESTRATOR v1.0 STARTED
[2026-04-27 14:30:41] ============================================================
[2026-04-27 14:30:41] Current time: 2026-04-27 14:30:41
[2026-04-27 14:30:41] Tournament status: upcoming
[2026-04-27 14:30:41] 
>>> Running check_tournament_state: Interval-based run (5 min)
[2026-04-27 14:30:41]     Script: dynamic_flow.py
[2026-04-27 14:30:41]     Description: Check tournament state and transition if needed
